1. Registering user...
User might already exist
2. Logging in...
Token acquired.
3. Generating trip...
node : Γ¥î Test Failed!
At line:1 char:1
+ node 
backend/test_generate.js > 
test_output.txt 2>&1
+ ~~~~~~~~~~~~~~~~~~~~~~~~~~~
~~~~~~~~~~~~~~~~~~~~~~~~~
    + CategoryInfo           
   : NotSpecified: (Γ¥î Tes  
  t Failed!:String) [], Re   
 moteException
    + FullyQualifiedErrorId  
   : NativeCommandError
 
Status: 500
Data: {
  "message": "Internal 
Server Error",
  "error": 
"[GoogleGenerativeAI Error]: 
Error fetching from https://g
enerativelanguage.googleapis.
com/v1beta/models/gemini-2.0-
flash:generateContent: [429 
Too Many Requests] You 
exceeded your current quota, 
please check your plan and 
billing details. For more 
information on this error, 
head to: https://ai.google.de
v/gemini-api/docs/rate-limits
. To monitor your current 
usage, head to: 
https://ai.dev/rate-limit. 
\n* Quota exceeded for 
metric: generativelanguage.go
ogleapis.com/generate_content
_free_tier_input_token_count,
 limit: 0, model: 
gemini-2.0-flash\n* Quota 
exceeded for metric: generati
velanguage.googleapis.com/gen
erate_content_free_tier_reque
sts, limit: 0, model: 
gemini-2.0-flash\n* Quota 
exceeded for metric: generati
velanguage.googleapis.com/gen
erate_content_free_tier_reque
sts, limit: 0, model: 
gemini-2.0-flash\nPlease 
retry in 45.203702488s. [{\"@
type\":\"type.googleapis.com/
google.rpc.Help\",\"links\":[
{\"description\":\"Learn 
more about Gemini API quotas\
",\"url\":\"https://ai.google
.dev/gemini-api/docs/rate-lim
its\"}]},{\"@type\":\"type.go
ogleapis.com/google.rpc.Quota
Failure\",\"violations\":[{\"
quotaMetric\":\"generativelan
guage.googleapis.com/generate
_content_free_tier_input_toke
n_count\",\"quotaId\":\"Gener
ateContentInputTokensPerModel
PerMinute-FreeTier\",\"quotaD
imensions\":{\"model\":\"gemi
ni-2.0-flash\",\"location\":\
"global\"}},{\"quotaMetric\":
\"generativelanguage.googleap
is.com/generate_content_free_
tier_requests\",\"quotaId\":\
"GenerateRequestsPerMinutePer
ProjectPerModel-FreeTier\",\"
quotaDimensions\":{\"location
\":\"global\",\"model\":\"gem
ini-2.0-flash\"}},{\"quotaMet
ric\":\"generativelanguage.go
ogleapis.com/generate_content
_free_tier_requests\",\"quota
Id\":\"GenerateRequestsPerDay
PerProjectPerModel-FreeTier\"
,\"quotaDimensions\":{\"model
\":\"gemini-2.0-flash\",\"loc
ation\":\"global\"}}]},{\"@ty
pe\":\"type.googleapis.com/go
ogle.rpc.RetryInfo\",\"retryD
elay\":\"45s\"}]"
}
